Testing PDF Parse...
Testing model: gemini-1.5-flash
node : Model gemini-1.5-flash failed: 
GoogleGenerativeAIFetchError: 
[GoogleGenerativeAI Error]: Error fetching 
from https://generativelanguage.googleapis.co
m/v1beta/models/gemini-1.5-flash:generateCont
ent: [404 Not Found] models/gemini-1.5-flash 
is not found for API version v1beta, or is 
not supported for generateContent. Call 
ListModels to see the list of available 
models and their supported methods.
At line:1 char:1
+ node test-ai.js > test-output.txt 2>&1 ; 
Get-Content test-output.txt
+ ~~~~~~~~~~~~~~~~~~~~~~~~~~~~~~~~~~~~~~
    + CategoryInfo          : NotSpecified:  
   (Model gemini-1....ported methods.:Strin  
  g) [], RemoteException
    + FullyQualifiedErrorId : NativeCommandE 
   rror
 
    at handleResponseNotOk 
(C:\Users\arasa\OneDrive\Desktop\AI Resume\no
de_modules\@google\generative-ai\dist\index.j
s:414:11)
    at process.processTicksAndRejections 
(node:internal/process/task_queues:105:5)
    at async makeRequest 
(C:\Users\arasa\OneDrive\Desktop\AI Resume\no
de_modules\@google\generative-ai\dist\index.j
s:387:9)
    at async generateContent 
(C:\Users\arasa\OneDrive\Desktop\AI Resume\no
de_modules\@google\generative-ai\dist\index.j
s:832:22)
    at async test 
(C:\Users\arasa\OneDrive\Desktop\AI 
Resume\test-ai.js:18:24) {
  status: 404,
  statusText: 'Not Found',
  errorDetails: undefined
}
Testing model: gemini-1.5-flash-latest
Model gemini-1.5-flash-latest failed: 
GoogleGenerativeAIFetchError: 
[GoogleGenerativeAI Error]: Error fetching 
from https://generativelanguage.googleapis.co
m/v1beta/models/gemini-1.5-flash-latest:gener
ateContent: [404 Not Found] 
models/gemini-1.5-flash-latest is not found 
for API version v1beta, or is not supported 
for generateContent. Call ListModels to see 
the list of available models and their 
supported methods.
    at handleResponseNotOk 
(C:\Users\arasa\OneDrive\Desktop\AI Resume\no
de_modules\@google\generative-ai\dist\index.j
s:414:11)
    at process.processTicksAndRejections 
(node:internal/process/task_queues:105:5)
    at async makeRequest 
(C:\Users\arasa\OneDrive\Desktop\AI Resume\no
de_modules\@google\generative-ai\dist\index.j
s:387:9)
    at async generateContent 
(C:\Users\arasa\OneDrive\Desktop\AI Resume\no
de_modules\@google\generative-ai\dist\index.j
s:832:22)
    at async test 
(C:\Users\arasa\OneDrive\Desktop\AI 
Resume\test-ai.js:18:24) {
  status: 404,
  statusText: 'Not Found',
  errorDetails: undefined
}
Testing model: gemini-pro
Model gemini-pro failed: 
GoogleGenerativeAIFetchError: 
[GoogleGenerativeAI Error]: Error fetching 
from https://generativelanguage.googleapis.co
m/v1beta/models/gemini-pro:generateContent: 
[404 Not Found] models/gemini-pro is not 
found for API version v1beta, or is not 
supported for generateContent. Call 
ListModels to see the list of available 
models and their supported methods.
    at handleResponseNotOk 
(C:\Users\arasa\OneDrive\Desktop\AI Resume\no
de_modules\@google\generative-ai\dist\index.j
s:414:11)
    at process.processTicksAndRejections 
(node:internal/process/task_queues:105:5)
    at async makeRequest 
(C:\Users\arasa\OneDrive\Desktop\AI Resume\no
de_modules\@google\generative-ai\dist\index.j
s:387:9)
    at async generateContent 
(C:\Users\arasa\OneDrive\Desktop\AI Resume\no
de_modules\@google\generative-ai\dist\index.j
s:832:22)
    at async test 
(C:\Users\arasa\OneDrive\Desktop\AI 
Resume\test-ai.js:18:24) {
  status: 404,
  statusText: 'Not Found',
  errorDetails: undefined
}
